{'_DEPTH': '.',
 'included_files': ['commands.gyp', 'commands.gypi'],
 'targets': [{'actions': [{'action': ['echo',
                                      '"3.14159265359 ABCD"',
                                      'ABCD letters_list'],
                           'action_name': 'test_action',
                           'inputs': ['3.14159265359 ABCD'],
                           'outputs': ['ABCD', 'letters_list'],
                           'variables': {'var7': 'letters_list'}}],
              'configurations': {'Default': {}},
              'default_configuration': 'Default',
              'target_name': 'foo',
              'type': 'none',
              'variables': {'var1': '3.14159265359',
                            'var2': '3.14159265359 ABCD',
                            'var3': 'ABCD',
                            'var4': 'ABCD',
                            'var5': 'letters_',
                            'var6': 'list'}},
             {'configurations': {'Default': {}},
              'default_configuration': 'Default',
              'target_name': 'dummy',
              'type': 'none'}],
 'variables': {'check_included': 'XYZ',
               'check_lists': ['XYZ', 'ABCDEFGHIJK'],
               'included_variable': 'XYZ',
               'letters_list': 'ABCD',
               'other_letters': 'ABCDEFG',
               'pi': 'import math; print math.pi',
               'third_letters': 'ABCDEFGHIJK'}}
