TestTlsAndSync - running
TestTlsAndSync - OK
TestManyThreadsJoinable - running
TestManyThreadsJoinable - OK
TestManyThreadsDetached - running
TestManyThreadsDetached - OK
TestSemaphores - running
TestSemaphores - OK
TestPthreadOnce - running
TestPthreadOnce - OK
TestRecursiveMutex - running
TestRecursiveMutex - OK
TestErrorCheckingMutex - running
TestErrorCheckingMutex - OK
TestTSD - running
TestTSD - OK
TestMalloc - running
TestMalloc - OK
TestRealloc - running
TestRealloc - OK
